

const methods_A
  :A.run

func Main()
  t.0 = HeapAllocZ(4)
  [t.0+0] = :methods_A
  if t.0 goto :null0
    Error("null pointer")
  null0:
  t.1 = t.0

  t.2 = [t.1+0]
  t.3 = [t.2+0]
  t.4 = call t.3(t.1)
  PrintIntS(t.4)
  ret

func A.run(this )

  t.0 = 42
  PrintIntS(t.0)
  t.1 = 99
  ret t.1
func AllocArray(size)
  bytes = MulS(size 4)
  bytes = Add(bytes 4)
  v = HeapAllocZ(bytes)
  [v] = size
  ret v
